#
# There is insufficient memory for the Java Runtime Environment to continue.
# Native memory allocation (malloc) failed to allocate 1048576 bytes. Error detail: AllocateHeap
# Possible reasons:
#   The system is out of physical RAM or swap space
#   This process is running with CompressedOops enabled, and the Java Heap may be blocking the growth of the native heap
# Possible solutions:
#   Reduce memory load on the system
#   Increase physical memory or swap space
#   Check if swap backing store is full
#   Decrease Java heap size (-Xmx/-Xms)
#   Decrease number of Java threads
#   Decrease Java thread stack sizes (-Xss)
#   Set larger code cache with -XX:ReservedCodeCacheSize=
#   JVM is running with Unscaled Compressed Oops mode in which the Java heap is
#     placed in the first 4GB address space. The Java Heap base address is the
#     maximum limit for the native heap growth. Please use -XX:HeapBaseMinAddress
#     to set the Java Heap base and to place the Java Heap above 4GB virtual address.
# This output file may be truncated or incomplete.
#
#  Out of Memory Error (allocation.cpp:44), pid=22004, tid=15328
#
# JRE version:  (21.0.7+6) (build )
# Java VM: OpenJDK 64-Bit Server VM (21.0.7+6-LTS, mixed mode, sharing, tiered, compressed oops, compressed class ptrs, parallel gc, windows-amd64)
# No core dump will be written. Minidumps are not enabled by default on client versions of Windows
#

---------------  S U M M A R Y ------------

Command Line: --add-modules=ALL-SYSTEM --add-opens=java.base/java.util=ALL-UNNAMED --add-opens=java.base/java.lang=ALL-UNNAMED --add-opens=java.base/sun.nio.fs=ALL-UNNAMED -Declipse.application=org.eclipse.jdt.ls.core.id1 -Dosgi.bundles.defaultStartLevel=4 -Declipse.product=org.eclipse.jdt.ls.core.product -Djava.import.generatesMetadataFilesAtProjectRoot=false -DDetectVMInstallationsJob.disabled=true -Dfile.encoding=utf8 -XX:+UseParallelGC -XX:GCTimeRatio=4 -XX:AdaptiveSizePolicyWeight=90 -Dsun.zip.disableMemoryMapping=true -Xmx1G -Xms100m -Xlog:disable -javaagent:c:\Users\ala\.vscode\extensions\redhat.java-1.42.0-win32-x64\lombok\lombok-1.18.36.jar -XX:+HeapDumpOnOutOfMemoryError -XX:HeapDumpPath=c:\Users\ala\AppData\Roaming\Code\User\workspaceStorage\186484310623821f527d57bc3ee6b2db\redhat.java -Daether.dependencyCollector.impl=bf c:\Users\ala\.vscode\extensions\redhat.java-1.42.0-win32-x64\server\plugins\org.eclipse.equinox.launcher_1.7.0.v20250424-1814.jar -configuration c:\Users\ala\AppData\Roaming\Code\User\globalStorage\redhat.java\1.42.0\config_win -data c:\Users\ala\AppData\Roaming\Code\User\workspaceStorage\186484310623821f527d57bc3ee6b2db\redhat.java\jdt_ws --pipe=\\.\pipe\lsp-c9f978dd8ba4394e49473ae1bdf864cd-sock

Host: 11th Gen Intel(R) Core(TM) i5-1135G7 @ 2.40GHz, 8 cores, 7G,  Windows 11 , 64 bit Build 26100 (10.0.26100.3912)
Time: Thu May 22 20:26:59 2025 W. Central Africa Standard Time elapsed time: 0.292120 seconds (0d 0h 0m 0s)

---------------  T H R E A D  ---------------

Current thread (0x0000020e708602d0):  JavaThread "Unknown thread" [_thread_in_vm, id=15328, stack(0x000000e989c00000,0x000000e989d00000) (1024K)]

Stack: [0x000000e989c00000,0x000000e989d00000]
Native frames: (J=compiled Java code, j=interpreted, Vv=VM code, C=native code)
V  [jvm.dll+0x6ce119]
V  [jvm.dll+0x8a84a1]
V  [jvm.dll+0x8aa9ce]
V  [jvm.dll+0x8ab0b3]
V  [jvm.dll+0x27f8a6]
V  [jvm.dll+0xbfba7]
V  [jvm.dll+0x702260]
V  [jvm.dll+0x702dcc]
V  [jvm.dll+0x6dcc63]
V  [jvm.dll+0x871dbc]
V  [jvm.dll+0x3bc47c]
V  [jvm.dll+0x85a848]
V  [jvm.dll+0x45080e]
V  [jvm.dll+0x452451]
C  [jli.dll+0x5278]
C  [ucrtbase.dll+0x37b0]
C  [KERNEL32.DLL+0x2e8d7]
C  [ntdll.dll+0x9c5dc]


---------------  P R O C E S S  ---------------

Threads class SMR info:
_java_thread_list=0x0000020e70887e90, length=1, elements={
0x0000020e708602d0
}

Java Threads: ( => current thread )
=>0x0000020e708602d0 JavaThread "Unknown thread"             [_thread_in_vm, id=15328, stack(0x000000e989c00000,0x000000e989d00000) (1024K)]
Total: 1

Other Threads:
  0x0000020e708cd160 WatcherThread "VM Periodic Task Thread"        [id=8148, stack(0x000000e989e00000,0x000000e989f00000) (1024K)]
  0x0000020e7087fb40 WorkerThread "GC Thread#0"                     [id=19376, stack(0x000000e989d00000,0x000000e989e00000) (1024K)]
Total: 2

Threads with active compile tasks:
Total: 0

VM state: not at safepoint (normal execution)

VM Mutex/Monitor currently owned by a thread: None

Heap address: 0x00000000c0000000, size: 1024 MB, Compressed Oops mode: 32-bit

CDS archive(s) mapped at: [0x0000020e0f000000-0x0000020e0fba0000-0x0000020e0fba0000), size 12189696, SharedBaseAddress: 0x0000020e0f000000, ArchiveRelocationMode: 1.
Compressed class space mapped at: 0x0000020e10000000-0x0000020e50000000, reserved size: 1073741824
Narrow klass base: 0x0000020e0f000000, Narrow klass shift: 0, Narrow klass range: 0x100000000

GC Precious Log:
 CardTable entry size: 512
 CPUs: 8 total, 8 available
 Memory: 7932M
 Large Page Support: Disabled
 NUMA Support: Disabled
 Compressed Oops: Enabled (32-bit)
 Alignments: Space 512K, Generation 512K, Heap 2M
 Heap Min Capacity: 100M
 Heap Initial Capacity: 100M
 Heap Max Capacity: 1G
 Pre-touch: Disabled
 Parallel Workers: 8

Heap:
 PSYoungGen      total 29696K, used 512K [0x00000000eab00000, 0x00000000ecc00000, 0x0000000100000000)
  eden space 25600K, 2% used [0x00000000eab00000,0x00000000eab80020,0x00000000ec400000)
  from space 4096K, 0% used [0x00000000ec800000,0x00000000ec800000,0x00000000ecc00000)
  to   space 4096K, 0% used [0x00000000ec400000,0x00000000ec400000,0x00000000ec800000)
 ParOldGen       total 68608K, used 0K [0x00000000c0000000, 0x00000000c4300000, 0x00000000eab00000)
  object space 68608K, 0% used [0x00000000c0000000,0x00000000c0000000,0x00000000c4300000)
 Metaspace       used 0K, committed 0K, reserved 1048576K
  class space    used 0K, committed 0K, reserved 1048576K

Card table byte_map: [0x0000020e70200000,0x0000020e70410000] _byte_map_base: 0x0000020e6fc00000

Marking Bits: (ParMarkBitMap*) 0x00007fffcd0231f0
 Begin Bits: [0x0000020e73a50000, 0x0000020e74a50000)
 End Bits:   [0x0000020e74a50000, 0x0000020e75a50000)

Polling page: 0x0000020e6ffb0000

Metaspace:

Usage:
  Non-class:      0 bytes used.
      Class:      0 bytes used.
       Both:      0 bytes used.

Virtual space:
  Non-class space:        0 bytes reserved,       0 bytes (  ?%) committed,  0 nodes.
      Class space:        1.00 GB reserved,       0 bytes (  0%) committed,  1 nodes.
             Both:        1.00 GB reserved,       0 bytes (  0%) committed. 

Chunk freelists:
   Non-Class:  0 bytes
       Class:  16.00 MB
        Both:  16.00 MB

MaxMetaspaceSize: unlimited
CompressedClassSpaceSize: 1.00 GB
Initial GC threshold: 21.00 MB
Current GC threshold: 17179869184.00 GB
CDS: on
 - commit_granule_bytes: 65536.
 - commit_granule_words: 8192.
 - virtual_space_node_default_size: 8388608.
 - enlarge_chunks_in_place: 1.
 - use_allocation_guard: 0.


Internal statistics:

num_allocs_failed_limit: 0.
num_arena_births: 0.
num_arena_deaths: 0.
num_vsnodes_births: 1.
num_vsnodes_deaths: 0.
num_space_committed: 0.
num_space_uncommitted: 0.
num_chunks_returned_to_freelist: 0.
num_chunks_taken_from_freelist: 1.
num_chunk_merges: 0.
num_chunk_splits: 1.
num_chunks_enlarged: 0.
num_inconsistent_stats: 0.

CodeHeap 'non-profiled nmethods': size=120000Kb used=0Kb max_used=0Kb free=120000Kb
 bounds [0x0000020e07ad0000, 0x0000020e07d40000, 0x0000020e0f000000]
CodeHeap 'profiled nmethods': size=120000Kb used=0Kb max_used=0Kb free=120000Kb
 bounds [0x0000020e00000000, 0x0000020e00270000, 0x0000020e07530000]
CodeHeap 'non-nmethods': size=5760Kb used=199Kb max_used=348Kb free=5560Kb
 bounds [0x0000020e07530000, 0x0000020e077a0000, 0x0000020e07ad0000]
 total_blobs=70 nmethods=0 adapters=48
 compilation: enabled
              stopped_count=0, restarted_count=0
 full_count=0

Compilation events (0 events):
No events

GC Heap History (0 events):
No events

Dll operation events (1 events):
Event: 0.042 Loaded shared library c:\Users\ala\.vscode\extensions\redhat.java-1.42.0-win32-x64\jre\21.0.7-win32-x86_64\bin\java.dll

Deoptimization events (0 events):
No events

Classes loaded (0 events):
No events

Classes unloaded (0 events):
No events

Classes redefined (0 events):
No events

Internal exceptions (0 events):
No events

ZGC Phase Switch (0 events):
No events

VM Operations (0 events):
No events

Memory protections (0 events):
No events

Nmethod flushes (0 events):
No events

Events (1 events):
Event: 0.087 Thread 0x0000020e708602d0 Thread added: 0x0000020e708602d0


Dynamic libraries:
0x00007ff7699f0000 - 0x00007ff7699fe000 	c:\Users\ala\.vscode\extensions\redhat.java-1.42.0-win32-x64\jre\21.0.7-win32-x86_64\bin\java.exe
0x00007ff825ce0000 - 0x00007ff825f46000 	C:\WINDOWS\SYSTEM32\ntdll.dll
0x00007ff824460000 - 0x00007ff824529000 	C:\WINDOWS\System32\KERNEL32.DLL
0x00007ff823230000 - 0x00007ff8235fc000 	C:\WINDOWS\System32\KERNELBASE.dll
0x00007ff8230e0000 - 0x00007ff82322b000 	C:\WINDOWS\System32\ucrtbase.dll
0x00007ff810890000 - 0x00007ff8108a8000 	c:\Users\ala\.vscode\extensions\redhat.java-1.42.0-win32-x64\jre\21.0.7-win32-x86_64\bin\jli.dll
0x00007fffff640000 - 0x00007fffff65e000 	c:\Users\ala\.vscode\extensions\redhat.java-1.42.0-win32-x64\jre\21.0.7-win32-x86_64\bin\VCRUNTIME140.dll
0x00007ff825ad0000 - 0x00007ff825c9a000 	C:\WINDOWS\System32\USER32.dll
0x00007ff822e70000 - 0x00007ff822e97000 	C:\WINDOWS\System32\win32u.dll
0x00007ff824220000 - 0x00007ff82424b000 	C:\WINDOWS\System32\GDI32.dll
0x00007ff8237e0000 - 0x00007ff823912000 	C:\WINDOWS\System32\gdi32full.dll
0x00007ff806800000 - 0x00007ff806a9a000 	C:\WINDOWS\WinSxS\amd64_microsoft.windows.common-controls_6595b64144ccf1df_6.0.26100.3912_none_3e07963ce335137e\COMCTL32.dll
0x00007ff823600000 - 0x00007ff8236a3000 	C:\WINDOWS\System32\msvcp_win.dll
0x00007ff824390000 - 0x00007ff824439000 	C:\WINDOWS\System32\msvcrt.dll
0x00007ff825a80000 - 0x00007ff825ab0000 	C:\WINDOWS\System32\IMM32.DLL
0x00007ff810a00000 - 0x00007ff810a0c000 	c:\Users\ala\.vscode\extensions\redhat.java-1.42.0-win32-x64\jre\21.0.7-win32-x86_64\bin\vcruntime140_1.dll
0x00007ffff9950000 - 0x00007ffff99dd000 	c:\Users\ala\.vscode\extensions\redhat.java-1.42.0-win32-x64\jre\21.0.7-win32-x86_64\bin\msvcp140.dll
0x00007fffcc370000 - 0x00007fffcd100000 	c:\Users\ala\.vscode\extensions\redhat.java-1.42.0-win32-x64\jre\21.0.7-win32-x86_64\bin\server\jvm.dll
0x00007ff8242d0000 - 0x00007ff824382000 	C:\WINDOWS\System32\ADVAPI32.dll
0x00007ff824030000 - 0x00007ff8240d6000 	C:\WINDOWS\System32\sechost.dll
0x00007ff824790000 - 0x00007ff8248a6000 	C:\WINDOWS\System32\RPCRT4.dll
0x00007ff825290000 - 0x00007ff825304000 	C:\WINDOWS\System32\WS2_32.dll
0x00007ff8226b0000 - 0x00007ff82270e000 	C:\WINDOWS\SYSTEM32\POWRPROF.dll
0x00007ff818510000 - 0x00007ff818546000 	C:\WINDOWS\SYSTEM32\WINMM.dll
0x00007ff810af0000 - 0x00007ff810afb000 	C:\WINDOWS\SYSTEM32\VERSION.dll
0x00007ff822690000 - 0x00007ff8226a4000 	C:\WINDOWS\SYSTEM32\UMPDC.dll
0x00007ff821bf0000 - 0x00007ff821c0a000 	C:\WINDOWS\SYSTEM32\kernel.appcore.dll
0x00007ff810850000 - 0x00007ff81085a000 	c:\Users\ala\.vscode\extensions\redhat.java-1.42.0-win32-x64\jre\21.0.7-win32-x86_64\bin\jimage.dll
0x00007ff8207e0000 - 0x00007ff820a21000 	C:\WINDOWS\SYSTEM32\DBGHELP.DLL
0x00007ff823ca0000 - 0x00007ff824024000 	C:\WINDOWS\System32\combase.dll
0x00007ff8246a0000 - 0x00007ff824780000 	C:\WINDOWS\System32\OLEAUT32.dll
0x00007ffff85e0000 - 0x00007ffff8619000 	C:\WINDOWS\SYSTEM32\dbgcore.DLL
0x00007ff823740000 - 0x00007ff8237d9000 	C:\WINDOWS\System32\bcryptPrimitives.dll
0x00007ff80ea00000 - 0x00007ff80ea0f000 	c:\Users\ala\.vscode\extensions\redhat.java-1.42.0-win32-x64\jre\21.0.7-win32-x86_64\bin\instrument.dll
0x00007fffff210000 - 0x00007fffff22f000 	c:\Users\ala\.vscode\extensions\redhat.java-1.42.0-win32-x64\jre\21.0.7-win32-x86_64\bin\java.dll

dbghelp: loaded successfully - version: 4.0.5 - missing functions: none
symbol engine: initialized successfully - sym options: 0x614 - pdb path: .;c:\Users\ala\.vscode\extensions\redhat.java-1.42.0-win32-x64\jre\21.0.7-win32-x86_64\bin;C:\WINDOWS\SYSTEM32;C:\WINDOWS\WinSxS\amd64_microsoft.windows.common-controls_6595b64144ccf1df_6.0.26100.3912_none_3e07963ce335137e;c:\Users\ala\.vscode\extensions\redhat.java-1.42.0-win32-x64\jre\21.0.7-win32-x86_64\bin\server

VM Arguments:
jvm_args: --add-modules=ALL-SYSTEM --add-opens=java.base/java.util=ALL-UNNAMED --add-opens=java.base/java.lang=ALL-UNNAMED --add-opens=java.base/sun.nio.fs=ALL-UNNAMED -Declipse.application=org.eclipse.jdt.ls.core.id1 -Dosgi.bundles.defaultStartLevel=4 -Declipse.product=org.eclipse.jdt.ls.core.product -Djava.import.generatesMetadataFilesAtProjectRoot=false -DDetectVMInstallationsJob.disabled=true -Dfile.encoding=utf8 -XX:+UseParallelGC -XX:GCTimeRatio=4 -XX:AdaptiveSizePolicyWeight=90 -Dsun.zip.disableMemoryMapping=true -Xmx1G -Xms100m -Xlog:disable -javaagent:c:\Users\ala\.vscode\extensions\redhat.java-1.42.0-win32-x64\lombok\lombok-1.18.36.jar -XX:+HeapDumpOnOutOfMemoryError -XX:HeapDumpPath=c:\Users\ala\AppData\Roaming\Code\User\workspaceStorage\186484310623821f527d57bc3ee6b2db\redhat.java -Daether.dependencyCollector.impl=bf 
java_command: c:\Users\ala\.vscode\extensions\redhat.java-1.42.0-win32-x64\server\plugins\org.eclipse.equinox.launcher_1.7.0.v20250424-1814.jar -configuration c:\Users\ala\AppData\Roaming\Code\User\globalStorage\redhat.java\1.42.0\config_win -data c:\Users\ala\AppData\Roaming\Code\User\workspaceStorage\186484310623821f527d57bc3ee6b2db\redhat.java\jdt_ws --pipe=\\.\pipe\lsp-c9f978dd8ba4394e49473ae1bdf864cd-sock
java_class_path (initial): c:\Users\ala\.vscode\extensions\redhat.java-1.42.0-win32-x64\server\plugins\org.eclipse.equinox.launcher_1.7.0.v20250424-1814.jar
Launcher Type: SUN_STANDARD

[Global flags]
    uintx AdaptiveSizePolicyWeight                 = 90                                        {product} {command line}
     intx CICompilerCount                          = 4                                         {product} {ergonomic}
    uintx GCTimeRatio                              = 4                                         {product} {command line}
     bool HeapDumpOnOutOfMemoryError               = true                                   {manageable} {command line}
    ccstr HeapDumpPath                             = c:\Users\ala\AppData\Roaming\Code\User\workspaceStorage\186484310623821f527d57bc3ee6b2db\redhat.java         {manageable} {command line}
   size_t InitialHeapSize                          = 104857600                                 {product} {command line}
   size_t MaxHeapSize                              = 1073741824                                {product} {command line}
   size_t MaxNewSize                               = 357564416                                 {product} {ergonomic}
   size_t MinHeapDeltaBytes                        = 524288                                    {product} {ergonomic}
   size_t MinHeapSize                              = 104857600                                 {product} {command line}
   size_t NewSize                                  = 34603008                                  {product} {ergonomic}
    uintx NonNMethodCodeHeapSize                   = 5839372                                {pd product} {ergonomic}
    uintx NonProfiledCodeHeapSize                  = 122909434                              {pd product} {ergonomic}
   size_t OldSize                                  = 70254592                                  {product} {ergonomic}
    uintx ProfiledCodeHeapSize                     = 122909434                              {pd product} {ergonomic}
    uintx ReservedCodeCacheSize                    = 251658240                              {pd product} {ergonomic}
     bool SegmentedCodeCache                       = true                                      {product} {ergonomic}
   size_t SoftMaxHeapSize                          = 1073741824                             {manageable} {ergonomic}
     bool UseCompressedOops                        = true                           {product lp64_product} {ergonomic}
     bool UseLargePagesIndividualAllocation        = false                                  {pd product} {ergonomic}
     bool UseParallelGC                            = true                                      {product} {command line}

Logging:
Log output configuration:
 #0: stdout all=off uptime,level,tags foldmultilines=false
 #1: stderr all=off uptime,level,tags foldmultilines=false

Environment Variables:
PATH=C:\Program Files\Common Files\Oracle\Java\javapath;C:\Users\ala\AppData\Roaming\Microsoft\Windows\Start Menu\Programs\System Tools;C:\Program Files\dotnet\;C:\Users\ala\Documents\mongosh-2.0.2-win32-x64\bin;C:\ProgramData\Microsoft\Windows\Start Menu\Programs\Git;C:\Program Files\Java\jdk-19\bin;C:\Users\ala\Desktop\TP'S\SOA\TP3\apache-tomcat-9.0.65\bin;C:\Program Files\Apache Software Foundation\Tomcat 9.0;C:\Users\ala\AppData\Local\Android\Sdk\platform-tools;C:\Program Files\Docker\Docker\resources\bin;C:\Program Files\Git\cmd;C:\Program Files\MySQL\MySQL Server 8.2\bin;C:\Program Files\OpenSSL-Win64\bin;;C:\WINDOWS\System32\OpenSSH\;C:\Users\ala\AppData\Roaming\Microsoft\Windows\Start Menu\Programs\Python 3.10;C:\Program Files\nodejs\;C:\xampp\php;C:\composer;C:\WINDOWS\system32;C:\WINDOWS;C:\WINDOWS\System32\Wbem;C:\WINDOWS\System32\WindowsPowerShell\v1.0\;C:\Users\ala\.pyenv\pyenv-win\bin;C:\Users\ala\.pyenv\pyenv-win\shims;C:\Users\ala\AppData\Roaming\Microsoft\Windows\Start Menu\Programs\System Tools;C:\Program Files\dotnet\;C:\Users\ala\Documents\mongosh-2.0.2-win32-x64\bin;C:\ProgramData\Microsoft\Windows\Start Menu\Programs\Git;C:\Program Files\Java\jdk-19\bin;C:\Users\ala\Desktop\TP'S\SOA\TP3\apache-tomcat-9.0.65\bin;C:\Program Files\Apache Software Foundation\Tomcat 9.0;C:\Users\ala\AppData\Local\Android\Sdk\platform-tools;C:\Program Files\Docker\Docker\resources\bin;C:\Program Files\Git\cmd;C:\Users\ala\scoop\shims;C:\Users\ala\AppData\Local\Programs\Python\Python312\Scripts\;C:\Users\ala\AppData\Local\Programs\Python\Python312\;C:\Users\ala\AppData\Roaming\Microsoft\Windows\Start Menu\Programs\Python 3.11;C:\ProgramData\Microsoft\Windows\Start Menu\Programs\Node.js;C:\Windows\System32;C:\Users\ala\AppData\Local\Programs\Microsoft VS Code\bin;C:\Users\ala\AppData\Local\GitHubDesktop\bin;C:\Program Files\MongoDB\Server\6.0\bin;C:\Program Files\Erlang OTP;C:\Windows\System32\WindowsPowerShell\v1.0;C:\Program Files\RabbitMQ Server\rabbitmq_server-3.13.6\sbin;C:\Program Files\Erlang OTP\erts-15.0.1\bin;C:\Users\ala\AppData\Roaming\Microsoft\Windows\Start Menu\Programs\Python 3.10;C:\Users\ala\AppData\Roaming\npm;C:\Users\ala\AppData\Roaming\Composer\vendor\bin;C:\Users\ala\AppData\Local\Microsoft\WindowsApps;C:\Users\ala\AppData\Local\Programs\cursor\resources\app\bin;C:\Program Files (x86)\ApacheMaven\mvn\bin;
USERNAME=ala
OS=Windows_NT
PROCESSOR_IDENTIFIER=Intel64 Family 6 Model 140 Stepping 1, GenuineIntel
TMP=C:\Users\ala\AppData\Local\Temp
TEMP=C:\Users\ala\AppData\Local\Temp




Periodic native trim disabled

---------------  S Y S T E M  ---------------

OS:
 Windows 11 , 64 bit Build 26100 (10.0.26100.3912)
OS uptime: 0 days 5:15 hours
Hyper-V role detected

CPU: total 8 (initial active 8) (4 cores per cpu, 2 threads per core) family 6 model 140 stepping 1 microcode 0xac, cx8, cmov, fxsr, ht, mmx, 3dnowpref, sse, sse2, sse3, ssse3, sse4.1, sse4.2, popcnt, lzcnt, tsc, tscinvbit, avx, avx2, aes, erms, clmul, bmi1, bmi2, adx, avx512f, avx512dq, avx512cd, avx512bw, avx512vl, sha, fma, vzeroupper, avx512_vpopcntdq, avx512_vpclmulqdq, avx512_vaes, avx512_vnni, clflush, clflushopt, clwb, avx512_vbmi2, avx512_vbmi, hv, rdtscp, rdpid, fsrm, gfni, avx512_bitalg, f16c, cet_ibt, cet_ss, avx512_ifma
Processor Information for the first 8 processors :
  Max Mhz: 2419, Current Mhz: 2419, Mhz Limit: 2419

Memory: 4k page, system-wide physical 7932M (851M free)
TotalPageFile size 17932M (AvailPageFile size 2M)
current process WorkingSet (physical memory assigned to process): 26M, peak: 26M
current process commit charge ("private bytes"): 168M, peak: 169M

vm_info: OpenJDK 64-Bit Server VM (21.0.7+6-LTS) for windows-amd64 JRE (21.0.7+6-LTS), built on 2025-04-15T00:00:00Z by "admin" with MS VC++ 17.7 (VS2022)

END.
